eval pilot clean: 8/944 cells
eval pilot bandpass_n20001_cRA_LA_LL_independent_rms_s10: 16/944 cells
eval pilot bandpass_n20001_cRA_LA_LL_independent_rms_s5: 24/944 cells
eval pilot bandpass_n20001_cRA_LA_LL_independent_rms_s0: 32/944 cells
eval pilot bandpass_n20001_cRA_LA_LL_electrode_s10: 40/944 cells
eval pilot bandpass_n20001_cRA_LA_LL_electrode_s5: 48/944 cells
eval pilot bandpass_n20001_cRA_LA_LL_electrode_s0: 56/944 cells
eval pilot bandpass_n20001_cRA_LA_LL_covariance_s10: 64/944 cells
eval pilot bandpass_n20001_cRA_LA_LL_covariance_s5: 72/944 cells
eval pilot bandpass_n20001_cRA_LA_LL_covariance_s0: 80/944 cells
eval pilot bandpass_n20001_cV1_independent_rms_s10: 88/944 cells
eval pilot bandpass_n20001_cV1_independent_rms_s5: 96/944 cells
eval pilot bandpass_n20001_cV1_independent_rms_s0: 104/944 cells
eval pilot bandpass_n20001_cV1_electrode_s10: 112/944 cells
eval pilot bandpass_n20001_cV1_electrode_s5: 120/944 cells
eval pilot bandpass_n20001_cV1_electrode_s0: 128/944 cells
eval pilot bandpass_n20001_cV1_covariance_s10: 136/944 cells
eval pilot bandpass_n20001_cV1_covariance_s5: 144/944 cells
eval pilot bandpass_n20001_cV1_covariance_s0: 152/944 cells
eval pilot bandpass_n20001_cV2_independent_rms_s10: 160/944 cells
eval pilot bandpass_n20001_cV2_independent_rms_s5: 168/944 cells
eval pilot bandpass_n20001_cV2_independent_rms_s0: 176/944 cells
eval pilot bandpass_n20001_cV2_electrode_s10: 184/944 cells
eval pilot bandpass_n20001_cV2_electrode_s5: 192/944 cells
eval pilot bandpass_n20001_cV2_electrode_s0: 200/944 cells
eval pilot bandpass_n20001_cV2_covariance_s10: 208/944 cells
eval pilot bandpass_n20001_cV2_covariance_s5: 216/944 cells
eval pilot bandpass_n20001_cV2_covariance_s0: 224/944 cells
eval pilot bandpass_n20001_cV3_independent_rms_s10: 232/944 cells
eval pilot bandpass_n20001_cV3_independent_rms_s5: 240/944 cells
eval pilot bandpass_n20001_cV3_independent_rms_s0: 248/944 cells
eval pilot bandpass_n20001_cV3_electrode_s10: 256/944 cells
eval pilot bandpass_n20001_cV3_electrode_s5: 264/944 cells
eval pilot bandpass_n20001_cV3_electrode_s0: 272/944 cells
eval pilot bandpass_n20001_cV3_covariance_s10: 280/944 cells
eval pilot bandpass_n20001_cV3_covariance_s5: 288/944 cells
eval pilot bandpass_n20001_cV3_covariance_s0: 296/944 cells
eval pilot bandpass_n20001_cV4_independent_rms_s10: 304/944 cells
eval pilot bandpass_n20001_cV4_independent_rms_s5: 312/944 cells
eval pilot bandpass_n20001_cV4_independent_rms_s0: 320/944 cells
eval pilot bandpass_n20001_cV4_electrode_s10: 328/944 cells
eval pilot bandpass_n20001_cV4_electrode_s5: 336/944 cells
eval pilot bandpass_n20001_cV4_electrode_s0: 344/944 cells
eval pilot bandpass_n20001_cV4_covariance_s10: 352/944 cells
eval pilot bandpass_n20001_cV4_covariance_s5: 360/944 cells
eval pilot bandpass_n20001_cV4_covariance_s0: 368/944 cells
eval pilot bandpass_n20001_cV5_independent_rms_s10: 376/944 cells
eval pilot bandpass_n20001_cV5_independent_rms_s5: 384/944 cells
eval pilot bandpass_n20001_cV5_independent_rms_s0: 392/944 cells
eval pilot bandpass_n20001_cV5_electrode_s10: 400/944 cells
eval pilot bandpass_n20001_cV5_electrode_s5: 408/944 cells
eval pilot bandpass_n20001_cV5_electrode_s0: 416/944 cells
eval pilot bandpass_n20001_cV5_covariance_s10: 424/944 cells
eval pilot bandpass_n20001_cV5_covariance_s5: 432/944 cells
eval pilot bandpass_n20001_cV5_covariance_s0: 440/944 cells
eval pilot bandpass_n20001_cV6_independent_rms_s10: 448/944 cells
eval pilot bandpass_n20001_cV6_independent_rms_s5: 456/944 cells
eval pilot bandpass_n20001_cV6_independent_rms_s0: 464/944 cells
eval pilot bandpass_n20001_cV6_electrode_s10: 472/944 cells
eval pilot bandpass_n20001_cV6_electrode_s5: 480/944 cells
eval pilot bandpass_n20001_cV6_electrode_s0: 488/944 cells
eval pilot bandpass_n20001_cV6_covariance_s10: 496/944 cells
eval pilot bandpass_n20001_cV6_covariance_s5: 504/944 cells
eval pilot bandpass_n20001_cV6_covariance_s0: 512/944 cells
eval pilot bandpass_n20001_cRA_LA_independent_rms_s10: 520/944 cells
eval pilot bandpass_n20001_cRA_LA_independent_rms_s5: 528/944 cells
eval pilot bandpass_n20001_cRA_LA_independent_rms_s0: 536/944 cells
eval pilot bandpass_n20001_cRA_LA_electrode_s10: 544/944 cells
eval pilot bandpass_n20001_cRA_LA_electrode_s5: 552/944 cells
eval pilot bandpass_n20001_cRA_LA_electrode_s0: 560/944 cells
eval pilot bandpass_n20001_cRA_LA_covariance_s10: 568/944 cells
eval pilot bandpass_n20001_cRA_LA_covariance_s5: 576/944 cells
eval pilot bandpass_n20001_cRA_LA_covariance_s0: 584/944 cells
eval pilot bandpass_n20001_cLA_LL_independent_rms_s10: 592/944 cells
eval pilot bandpass_n20001_cLA_LL_independent_rms_s5: 600/944 cells
eval pilot bandpass_n20001_cLA_LL_independent_rms_s0: 608/944 cells
eval pilot bandpass_n20001_cLA_LL_electrode_s10: 616/944 cells
eval pilot bandpass_n20001_cLA_LL_electrode_s5: 624/944 cells
eval pilot bandpass_n20001_cLA_LL_electrode_s0: 632/944 cells
eval pilot bandpass_n20001_cLA_LL_covariance_s10: 640/944 cells
eval pilot bandpass_n20001_cLA_LL_covariance_s5: 648/944 cells
eval pilot bandpass_n20001_cLA_LL_covariance_s0: 656/944 cells
eval pilot bandpass_n20001_cRA_LL_independent_rms_s10: 664/944 cells
eval pilot bandpass_n20001_cRA_LL_independent_rms_s5: 672/944 cells
eval pilot bandpass_n20001_cRA_LL_independent_rms_s0: 680/944 cells
eval pilot bandpass_n20001_cRA_LL_electrode_s10: 688/944 cells
eval pilot bandpass_n20001_cRA_LL_electrode_s5: 696/944 cells
eval pilot bandpass_n20001_cRA_LL_electrode_s0: 704/944 cells
eval pilot bandpass_n20001_cRA_LL_covariance_s10: 712/944 cells
eval pilot bandpass_n20001_cRA_LL_covariance_s5: 720/944 cells
eval pilot bandpass_n20001_cRA_LL_covariance_s0: 728/944 cells
eval pilot bandpass_n20001_cRA_V1_independent_rms_s10: 736/944 cells
eval pilot bandpass_n20001_cRA_V1_independent_rms_s5: 744/944 cells
eval pilot bandpass_n20001_cRA_V1_independent_rms_s0: 752/944 cells
eval pilot bandpass_n20001_cRA_V1_electrode_s10: 760/944 cells
eval pilot bandpass_n20001_cRA_V1_electrode_s5: 768/944 cells
eval pilot bandpass_n20001_cRA_V1_electrode_s0: 776/944 cells
eval pilot bandpass_n20001_cRA_V1_covariance_s10: 784/944 cells
eval pilot bandpass_n20001_cRA_V1_covariance_s5: 792/944 cells
eval pilot bandpass_n20001_cRA_V1_covariance_s0: 800/944 cells
eval pilot bandpass_n20001_cRA_LA_V1_V6_independent_rms_s10: 808/944 cells
eval pilot bandpass_n20001_cRA_LA_V1_V6_independent_rms_s5: 816/944 cells
eval pilot bandpass_n20001_cRA_LA_V1_V6_independent_rms_s0: 824/944 cells
eval pilot bandpass_n20001_cRA_LA_V1_V6_electrode_s10: 832/944 cells
eval pilot bandpass_n20001_cRA_LA_V1_V6_electrode_s5: 840/944 cells
eval pilot bandpass_n20001_cRA_LA_V1_V6_electrode_s0: 848/944 cells
eval pilot bandpass_n20001_cRA_LA_V1_V6_covariance_s10: 856/944 cells
eval pilot bandpass_n20001_cRA_LA_V1_V6_covariance_s5: 864/944 cells
eval pilot bandpass_n20001_cRA_LA_V1_V6_covariance_s0: 872/944 cells
eval pilot bandpass_n20001_call_independent_rms_s10: 880/944 cells
eval pilot bandpass_n20001_call_independent_rms_s5: 888/944 cells
eval pilot bandpass_n20001_call_independent_rms_s0: 896/944 cells
eval pilot bandpass_n20001_call_electrode_s10: 904/944 cells
eval pilot bandpass_n20001_call_electrode_s5: 912/944 cells
eval pilot bandpass_n20001_call_electrode_s0: 920/944 cells
eval pilot bandpass_n20001_call_covariance_s10: 928/944 cells
eval pilot bandpass_n20001_call_covariance_s5: 936/944 cells
eval pilot bandpass_n20001_call_covariance_s0: 944/944 cells
