pilot/clean_only/resnet/seed_17 epoch=1/10 train_loss=0.44130 val_loss=0.39727 clean_val_auroc=0.85054 elapsed=14.9s
pilot/clean_only/resnet/seed_17 epoch=2/10 train_loss=0.32447 val_loss=0.34722 clean_val_auroc=0.88433 elapsed=27.2s
pilot/clean_only/resnet/seed_17 epoch=3/10 train_loss=0.29171 val_loss=0.34176 clean_val_auroc=0.88189 elapsed=39.7s
pilot/clean_only/resnet/seed_17 epoch=4/10 train_loss=0.27003 val_loss=0.36606 clean_val_auroc=0.88576 elapsed=52.6s
pilot/clean_only/resnet/seed_17 epoch=5/10 train_loss=0.23892 val_loss=0.46481 clean_val_auroc=0.88448 elapsed=66.1s
pilot/clean_only/resnet/seed_17 epoch=6/10 train_loss=0.20250 val_loss=0.39308 clean_val_auroc=0.88351 elapsed=79.6s
pilot/clean_only/resnet/seed_17 epoch=7/10 train_loss=0.17976 val_loss=0.38189 clean_val_auroc=0.88045 elapsed=92.9s
pilot/clean_only/resnet/seed_17 epoch=8/10 train_loss=0.14433 val_loss=0.37301 clean_val_auroc=0.88403 elapsed=106.2s
pilot/clean_only/resnet/seed_17 epoch=9/10 train_loss=0.10964 val_loss=0.54734 clean_val_auroc=0.87618 elapsed=119.6s
pilot/clean_only/resnet/seed_17 epoch=10/10 train_loss=0.09855 val_loss=0.50767 clean_val_auroc=0.87489 elapsed=132.9s
pilot/independent_rms/resnet/seed_17 epoch=1/10 train_loss=0.44495 val_loss=0.41400 clean_val_auroc=0.84800 elapsed=17.6s
pilot/independent_rms/resnet/seed_17 epoch=2/10 train_loss=0.32932 val_loss=0.36708 clean_val_auroc=0.88095 elapsed=35.4s
pilot/independent_rms/resnet/seed_17 epoch=3/10 train_loss=0.29860 val_loss=0.36467 clean_val_auroc=0.88216 elapsed=53.1s
pilot/independent_rms/resnet/seed_17 epoch=4/10 train_loss=0.27765 val_loss=0.34986 clean_val_auroc=0.88742 elapsed=70.3s
pilot/independent_rms/resnet/seed_17 epoch=5/10 train_loss=0.25188 val_loss=0.40906 clean_val_auroc=0.88355 elapsed=87.4s
pilot/independent_rms/resnet/seed_17 epoch=6/10 train_loss=0.22266 val_loss=0.35357 clean_val_auroc=0.88740 elapsed=104.6s
pilot/independent_rms/resnet/seed_17 epoch=7/10 train_loss=0.20939 val_loss=0.40454 clean_val_auroc=0.88635 elapsed=121.7s
pilot/independent_rms/resnet/seed_17 epoch=8/10 train_loss=0.17870 val_loss=0.40902 clean_val_auroc=0.88056 elapsed=138.8s
pilot/independent_rms/resnet/seed_17 epoch=9/10 train_loss=0.15726 val_loss=0.39371 clean_val_auroc=0.88426 elapsed=156.0s
pilot/independent_rms/resnet/seed_17 epoch=10/10 train_loss=0.13544 val_loss=0.45102 clean_val_auroc=0.87474 elapsed=173.2s
pilot/electrode/resnet/seed_17 epoch=1/10 train_loss=0.44591 val_loss=0.40593 clean_val_auroc=0.85194 elapsed=15.0s
pilot/electrode/resnet/seed_17 epoch=2/10 train_loss=0.33062 val_loss=0.39251 clean_val_auroc=0.87923 elapsed=30.2s
pilot/electrode/resnet/seed_17 epoch=3/10 train_loss=0.30102 val_loss=0.33711 clean_val_auroc=0.88090 elapsed=45.4s
pilot/electrode/resnet/seed_17 epoch=4/10 train_loss=0.28094 val_loss=0.34576 clean_val_auroc=0.88861 elapsed=60.6s
pilot/electrode/resnet/seed_17 epoch=5/10 train_loss=0.25768 val_loss=0.37152 clean_val_auroc=0.88728 elapsed=75.9s
pilot/electrode/resnet/seed_17 epoch=6/10 train_loss=0.23154 val_loss=0.40738 clean_val_auroc=0.89498 elapsed=91.3s
pilot/electrode/resnet/seed_17 epoch=7/10 train_loss=0.21776 val_loss=0.37533 clean_val_auroc=0.88311 elapsed=107.1s
pilot/electrode/resnet/seed_17 epoch=8/10 train_loss=0.18912 val_loss=0.41314 clean_val_auroc=0.88777 elapsed=123.6s
pilot/electrode/resnet/seed_17 epoch=9/10 train_loss=0.16969 val_loss=0.41677 clean_val_auroc=0.88725 elapsed=139.5s
pilot/electrode/resnet/seed_17 epoch=10/10 train_loss=0.14709 val_loss=0.43017 clean_val_auroc=0.88219 elapsed=155.8s
pilot/mixed/resnet/seed_17 epoch=1/10 train_loss=0.44529 val_loss=0.39384 clean_val_auroc=0.85450 elapsed=16.6s
pilot/mixed/resnet/seed_17 epoch=2/10 train_loss=0.33002 val_loss=0.35885 clean_val_auroc=0.87978 elapsed=32.0s
pilot/mixed/resnet/seed_17 epoch=3/10 train_loss=0.29947 val_loss=0.34607 clean_val_auroc=0.88507 elapsed=47.2s
pilot/mixed/resnet/seed_17 epoch=4/10 train_loss=0.27785 val_loss=0.38701 clean_val_auroc=0.88195 elapsed=62.8s
pilot/mixed/resnet/seed_17 epoch=5/10 train_loss=0.25627 val_loss=0.40659 clean_val_auroc=0.88815 elapsed=80.9s
pilot/mixed/resnet/seed_17 epoch=6/10 train_loss=0.22749 val_loss=0.39198 clean_val_auroc=0.88644 elapsed=100.5s
pilot/mixed/resnet/seed_17 epoch=7/10 train_loss=0.21091 val_loss=0.38593 clean_val_auroc=0.87914 elapsed=123.5s
pilot/mixed/resnet/seed_17 epoch=8/10 train_loss=0.18795 val_loss=0.41182 clean_val_auroc=0.88528 elapsed=143.7s
pilot/mixed/resnet/seed_17 epoch=9/10 train_loss=0.16588 val_loss=0.42633 clean_val_auroc=0.88323 elapsed=161.3s
pilot/mixed/resnet/seed_17 epoch=10/10 train_loss=0.14384 val_loss=0.40494 clean_val_auroc=0.87422 elapsed=177.7s
pilot/clean_only/tcn/seed_17 epoch=1/10 train_loss=0.55055 val_loss=0.51856 clean_val_auroc=0.72829 elapsed=9.5s
pilot/clean_only/tcn/seed_17 epoch=2/10 train_loss=0.46994 val_loss=0.49346 clean_val_auroc=0.78926 elapsed=17.2s
pilot/clean_only/tcn/seed_17 epoch=3/10 train_loss=0.41653 val_loss=0.47751 clean_val_auroc=0.81455 elapsed=25.3s
pilot/clean_only/tcn/seed_17 epoch=4/10 train_loss=0.39981 val_loss=0.40000 clean_val_auroc=0.83394 elapsed=32.8s
pilot/clean_only/tcn/seed_17 epoch=5/10 train_loss=0.37947 val_loss=0.39124 clean_val_auroc=0.84664 elapsed=39.4s
pilot/clean_only/tcn/seed_17 epoch=6/10 train_loss=0.36648 val_loss=0.38896 clean_val_auroc=0.85847 elapsed=45.5s
pilot/clean_only/tcn/seed_17 epoch=7/10 train_loss=0.35369 val_loss=0.42765 clean_val_auroc=0.85964 elapsed=51.7s
pilot/clean_only/tcn/seed_17 epoch=8/10 train_loss=0.34958 val_loss=0.38150 clean_val_auroc=0.86728 elapsed=58.2s
pilot/clean_only/tcn/seed_17 epoch=9/10 train_loss=0.33900 val_loss=0.37906 clean_val_auroc=0.87154 elapsed=65.1s
pilot/clean_only/tcn/seed_17 epoch=10/10 train_loss=0.33969 val_loss=0.35091 clean_val_auroc=0.87765 elapsed=71.8s
pilot/independent_rms/tcn/seed_17 epoch=1/10 train_loss=0.55136 val_loss=0.52012 clean_val_auroc=0.72402 elapsed=11.3s
pilot/independent_rms/tcn/seed_17 epoch=2/10 train_loss=0.47350 val_loss=0.49478 clean_val_auroc=0.78735 elapsed=24.8s
pilot/independent_rms/tcn/seed_17 epoch=3/10 train_loss=0.41862 val_loss=0.47800 clean_val_auroc=0.81307 elapsed=36.9s
pilot/independent_rms/tcn/seed_17 epoch=4/10 train_loss=0.40166 val_loss=0.40288 clean_val_auroc=0.83183 elapsed=48.7s
pilot/independent_rms/tcn/seed_17 epoch=5/10 train_loss=0.38112 val_loss=0.39437 clean_val_auroc=0.84450 elapsed=60.3s
pilot/independent_rms/tcn/seed_17 epoch=6/10 train_loss=0.36937 val_loss=0.39542 clean_val_auroc=0.85613 elapsed=72.0s
pilot/independent_rms/tcn/seed_17 epoch=7/10 train_loss=0.35574 val_loss=0.43002 clean_val_auroc=0.85775 elapsed=83.7s
pilot/independent_rms/tcn/seed_17 epoch=8/10 train_loss=0.35326 val_loss=0.39105 clean_val_auroc=0.86439 elapsed=95.4s
pilot/independent_rms/tcn/seed_17 epoch=9/10 train_loss=0.34300 val_loss=0.37547 clean_val_auroc=0.87090 elapsed=106.8s
pilot/independent_rms/tcn/seed_17 epoch=10/10 train_loss=0.34336 val_loss=0.35695 clean_val_auroc=0.87548 elapsed=118.2s
pilot/electrode/tcn/seed_17 epoch=1/10 train_loss=0.55128 val_loss=0.52028 clean_val_auroc=0.72343 elapsed=9.1s
pilot/electrode/tcn/seed_17 epoch=2/10 train_loss=0.47401 val_loss=0.49245 clean_val_auroc=0.78780 elapsed=17.9s
pilot/electrode/tcn/seed_17 epoch=3/10 train_loss=0.41845 val_loss=0.48096 clean_val_auroc=0.81327 elapsed=26.7s
pilot/electrode/tcn/seed_17 epoch=4/10 train_loss=0.40117 val_loss=0.40296 clean_val_auroc=0.83206 elapsed=35.3s
pilot/electrode/tcn/seed_17 epoch=5/10 train_loss=0.38153 val_loss=0.39192 clean_val_auroc=0.84515 elapsed=44.2s
pilot/electrode/tcn/seed_17 epoch=6/10 train_loss=0.36815 val_loss=0.39496 clean_val_auroc=0.85635 elapsed=53.2s
pilot/electrode/tcn/seed_17 epoch=7/10 train_loss=0.35598 val_loss=0.42241 clean_val_auroc=0.85883 elapsed=61.9s
pilot/electrode/tcn/seed_17 epoch=8/10 train_loss=0.35238 val_loss=0.37917 clean_val_auroc=0.86656 elapsed=70.6s
pilot/electrode/tcn/seed_17 epoch=9/10 train_loss=0.34166 val_loss=0.38119 clean_val_auroc=0.86974 elapsed=79.6s
pilot/electrode/tcn/seed_17 epoch=10/10 train_loss=0.34272 val_loss=0.34995 clean_val_auroc=0.87664 elapsed=88.5s
pilot/mixed/tcn/seed_17 epoch=1/10 train_loss=0.55122 val_loss=0.51967 clean_val_auroc=0.72400 elapsed=9.7s
pilot/mixed/tcn/seed_17 epoch=2/10 train_loss=0.47356 val_loss=0.49383 clean_val_auroc=0.78784 elapsed=19.7s
pilot/mixed/tcn/seed_17 epoch=3/10 train_loss=0.41873 val_loss=0.47247 clean_val_auroc=0.81381 elapsed=29.7s
pilot/mixed/tcn/seed_17 epoch=4/10 train_loss=0.40119 val_loss=0.40361 clean_val_auroc=0.83246 elapsed=39.7s
pilot/mixed/tcn/seed_17 epoch=5/10 train_loss=0.38093 val_loss=0.39343 clean_val_auroc=0.84447 elapsed=49.7s
pilot/mixed/tcn/seed_17 epoch=6/10 train_loss=0.36893 val_loss=0.39164 clean_val_auroc=0.85599 elapsed=59.4s
pilot/mixed/tcn/seed_17 epoch=7/10 train_loss=0.35569 val_loss=0.42996 clean_val_auroc=0.85751 elapsed=69.1s
pilot/mixed/tcn/seed_17 epoch=8/10 train_loss=0.35232 val_loss=0.38956 clean_val_auroc=0.86466 elapsed=79.2s
pilot/mixed/tcn/seed_17 epoch=9/10 train_loss=0.34189 val_loss=0.38109 clean_val_auroc=0.86978 elapsed=89.1s
pilot/mixed/tcn/seed_17 epoch=10/10 train_loss=0.34133 val_loss=0.34944 clean_val_auroc=0.87675 elapsed=99.2s
