noise-cache: full bandpass base=20001 combo=RA_LA_LL cases=16 elapsed=13.4s
noise-cache: full bandpass base=20001 combo=V1 cases=31 elapsed=21.3s
noise-cache: full bandpass base=20001 combo=V2 cases=46 elapsed=28.6s
noise-cache: full bandpass base=20001 combo=V3 cases=61 elapsed=37.1s
noise-cache: full bandpass base=20001 combo=V4 cases=76 elapsed=44.2s
noise-cache: full bandpass base=20001 combo=V5 cases=91 elapsed=51.9s
noise-cache: full bandpass base=20001 combo=V6 cases=106 elapsed=59.3s
noise-cache: full bandpass base=20001 combo=RA_LA cases=121 elapsed=67.0s
noise-cache: full bandpass base=20001 combo=LA_LL cases=136 elapsed=74.7s
noise-cache: full bandpass base=20001 combo=RA_LL cases=151 elapsed=82.8s
noise-cache: full bandpass base=20001 combo=RA cases=166 elapsed=90.7s
noise-cache: full bandpass base=20001 combo=LA cases=181 elapsed=98.7s
noise-cache: full bandpass base=20001 combo=LL cases=196 elapsed=106.4s
noise-cache: full bandpass base=20001 combo=RA_V1 cases=211 elapsed=113.7s
noise-cache: full bandpass base=20001 combo=LA_V6 cases=226 elapsed=121.1s
noise-cache: full bandpass base=20001 combo=LL_V4 cases=241 elapsed=128.7s
noise-cache: full bandpass base=20001 combo=RA_LA_V1_V6 cases=256 elapsed=136.3s
noise-cache: full bandpass base=20001 combo=RA_V2_V5 cases=271 elapsed=143.9s
noise-cache: full bandpass base=20001 combo=LA_V3_V6 cases=286 elapsed=151.4s
noise-cache: full bandpass base=20001 combo=LL_V1_V4 cases=301 elapsed=159.0s
noise-cache: full bandpass base=20001 combo=all cases=316 elapsed=166.4s
noise-cache: full bandpass base=20002 combo=RA_LA_LL cases=331 elapsed=178.4s
noise-cache: full bandpass base=20002 combo=V1 cases=346 elapsed=185.9s
noise-cache: full bandpass base=20002 combo=V2 cases=361 elapsed=193.2s
noise-cache: full bandpass base=20002 combo=V3 cases=376 elapsed=200.5s
noise-cache: full bandpass base=20002 combo=V4 cases=391 elapsed=208.0s
noise-cache: full bandpass base=20002 combo=V5 cases=406 elapsed=215.2s
noise-cache: full bandpass base=20002 combo=V6 cases=421 elapsed=222.6s
noise-cache: full bandpass base=20002 combo=RA_LA cases=436 elapsed=230.2s
noise-cache: full bandpass base=20002 combo=LA_LL cases=451 elapsed=237.7s
noise-cache: full bandpass base=20002 combo=RA_LL cases=466 elapsed=245.1s
noise-cache: full bandpass base=20002 combo=RA cases=481 elapsed=252.3s
noise-cache: full bandpass base=20002 combo=LA cases=496 elapsed=259.9s
noise-cache: full bandpass base=20002 combo=LL cases=511 elapsed=267.4s
noise-cache: full bandpass base=20002 combo=RA_V1 cases=526 elapsed=274.8s
noise-cache: full bandpass base=20002 combo=LA_V6 cases=541 elapsed=282.5s
noise-cache: full bandpass base=20002 combo=LL_V4 cases=556 elapsed=289.8s
noise-cache: full bandpass base=20002 combo=RA_LA_V1_V6 cases=571 elapsed=297.2s
noise-cache: full bandpass base=20002 combo=RA_V2_V5 cases=586 elapsed=304.7s
noise-cache: full bandpass base=20002 combo=LA_V3_V6 cases=601 elapsed=312.1s
noise-cache: full bandpass base=20002 combo=LL_V1_V4 cases=616 elapsed=319.7s
noise-cache: full bandpass base=20002 combo=all cases=631 elapsed=327.1s
noise-cache: full bandpass base=20003 combo=RA_LA_LL cases=646 elapsed=339.2s
noise-cache: full bandpass base=20003 combo=V1 cases=661 elapsed=346.5s
noise-cache: full bandpass base=20003 combo=V2 cases=676 elapsed=353.8s
noise-cache: full bandpass base=20003 combo=V3 cases=691 elapsed=361.2s
noise-cache: full bandpass base=20003 combo=V4 cases=706 elapsed=368.6s
noise-cache: full bandpass base=20003 combo=V5 cases=721 elapsed=375.8s
noise-cache: full bandpass base=20003 combo=V6 cases=736 elapsed=383.0s
noise-cache: full bandpass base=20003 combo=RA_LA cases=751 elapsed=390.4s
noise-cache: full bandpass base=20003 combo=LA_LL cases=766 elapsed=399.0s
noise-cache: full bandpass base=20003 combo=RA_LL cases=781 elapsed=406.5s
noise-cache: full bandpass base=20003 combo=RA cases=796 elapsed=413.8s
noise-cache: full bandpass base=20003 combo=LA cases=811 elapsed=421.2s
noise-cache: full bandpass base=20003 combo=LL cases=826 elapsed=429.0s
noise-cache: full bandpass base=20003 combo=RA_V1 cases=841 elapsed=436.3s
noise-cache: full bandpass base=20003 combo=LA_V6 cases=856 elapsed=443.8s
noise-cache: full bandpass base=20003 combo=LL_V4 cases=871 elapsed=451.2s
noise-cache: full bandpass base=20003 combo=RA_LA_V1_V6 cases=886 elapsed=458.6s
noise-cache: full bandpass base=20003 combo=RA_V2_V5 cases=901 elapsed=466.1s
noise-cache: full bandpass base=20003 combo=LA_V3_V6 cases=916 elapsed=473.6s
noise-cache: full bandpass base=20003 combo=LL_V1_V4 cases=931 elapsed=481.2s
noise-cache: full bandpass base=20003 combo=all cases=946 elapsed=488.6s
noise-cache: full bandpass base=20004 combo=RA_LA_LL cases=961 elapsed=500.4s
noise-cache: full bandpass base=20004 combo=V1 cases=976 elapsed=507.6s
noise-cache: full bandpass base=20004 combo=V2 cases=991 elapsed=515.0s
noise-cache: full bandpass base=20004 combo=V3 cases=1006 elapsed=522.3s
noise-cache: full bandpass base=20004 combo=V4 cases=1021 elapsed=529.6s
noise-cache: full bandpass base=20004 combo=V5 cases=1036 elapsed=536.8s
noise-cache: full bandpass base=20004 combo=V6 cases=1051 elapsed=544.1s
noise-cache: full bandpass base=20004 combo=RA_LA cases=1066 elapsed=551.5s
noise-cache: full bandpass base=20004 combo=LA_LL cases=1081 elapsed=559.0s
noise-cache: full bandpass base=20004 combo=RA_LL cases=1096 elapsed=566.4s
noise-cache: full bandpass base=20004 combo=RA cases=1111 elapsed=573.9s
noise-cache: full bandpass base=20004 combo=LA cases=1126 elapsed=581.3s
noise-cache: full bandpass base=20004 combo=LL cases=1141 elapsed=588.8s
noise-cache: full bandpass base=20004 combo=RA_V1 cases=1156 elapsed=596.3s
noise-cache: full bandpass base=20004 combo=LA_V6 cases=1171 elapsed=603.6s
noise-cache: full bandpass base=20004 combo=LL_V4 cases=1186 elapsed=611.1s
noise-cache: full bandpass base=20004 combo=RA_LA_V1_V6 cases=1201 elapsed=618.7s
noise-cache: full bandpass base=20004 combo=RA_V2_V5 cases=1216 elapsed=627.2s
noise-cache: full bandpass base=20004 combo=LA_V3_V6 cases=1231 elapsed=634.8s
noise-cache: full bandpass base=20004 combo=LL_V1_V4 cases=1246 elapsed=642.4s
noise-cache: full bandpass base=20004 combo=all cases=1261 elapsed=649.9s
noise-cache: full bandpass base=20005 combo=RA_LA_LL cases=1276 elapsed=661.8s
noise-cache: full bandpass base=20005 combo=V1 cases=1291 elapsed=669.1s
noise-cache: full bandpass base=20005 combo=V2 cases=1306 elapsed=676.5s
noise-cache: full bandpass base=20005 combo=V3 cases=1321 elapsed=683.9s
noise-cache: full bandpass base=20005 combo=V4 cases=1336 elapsed=691.1s
noise-cache: full bandpass base=20005 combo=V5 cases=1351 elapsed=698.5s
noise-cache: full bandpass base=20005 combo=V6 cases=1366 elapsed=705.9s
noise-cache: full bandpass base=20005 combo=RA_LA cases=1381 elapsed=713.5s
noise-cache: full bandpass base=20005 combo=LA_LL cases=1396 elapsed=720.5s
noise-cache: full bandpass base=20005 combo=RA_LL cases=1411 elapsed=727.9s
noise-cache: full bandpass base=20005 combo=RA cases=1426 elapsed=735.4s
noise-cache: full bandpass base=20005 combo=LA cases=1441 elapsed=742.8s
noise-cache: full bandpass base=20005 combo=LL cases=1456 elapsed=750.9s
noise-cache: full bandpass base=20005 combo=RA_V1 cases=1471 elapsed=758.5s
noise-cache: full bandpass base=20005 combo=LA_V6 cases=1486 elapsed=765.7s
noise-cache: full bandpass base=20005 combo=LL_V4 cases=1501 elapsed=773.2s
noise-cache: full bandpass base=20005 combo=RA_LA_V1_V6 cases=1516 elapsed=780.7s
noise-cache: full bandpass base=20005 combo=RA_V2_V5 cases=1531 elapsed=788.2s
noise-cache: full bandpass base=20005 combo=LA_V3_V6 cases=1546 elapsed=795.4s
noise-cache: full bandpass base=20005 combo=LL_V1_V4 cases=1561 elapsed=803.0s
noise-cache: full bandpass base=20005 combo=all cases=1576 elapsed=810.7s
noise-cache: full bw base=20001 combo=all cases=1585 elapsed=821.4s
noise-cache: full bw base=20002 combo=all cases=1594 elapsed=831.8s
noise-cache: full bw base=20003 combo=all cases=1603 elapsed=842.7s
noise-cache: full bw base=20004 combo=all cases=1612 elapsed=853.3s
noise-cache: full bw base=20005 combo=all cases=1621 elapsed=863.8s
noise-cache: full ma base=20001 combo=all cases=1630 elapsed=874.3s
noise-cache: full ma base=20002 combo=all cases=1639 elapsed=885.0s
noise-cache: full ma base=20003 combo=all cases=1648 elapsed=895.6s
noise-cache: full ma base=20004 combo=all cases=1657 elapsed=906.2s
noise-cache: full ma base=20005 combo=all cases=1666 elapsed=916.9s
noise-cache: full em base=20001 combo=all cases=1675 elapsed=927.4s
noise-cache: full em base=20002 combo=all cases=1684 elapsed=938.1s
noise-cache: full em base=20003 combo=all cases=1693 elapsed=948.7s
noise-cache: full em base=20004 combo=all cases=1702 elapsed=959.5s
noise-cache: full em base=20005 combo=all cases=1711 elapsed=970.1s
noise-cache: completed full: 1711 cases, 374 groups
