Command: ["C:/Program Files/Git/bin/bash.exe", "scripts/run_smoke_test.sh"]
PYTHON=E:\Eproject\ECG\phase1_ecg_robustness\.venv\Scripts\python.exe
Exit code: 0
EXPERIMENT_STARTED smoke
audit bandpass 1/64
audit bandpass 33/64
Noise gates PASS: results\tables\smoke\noise_gate.json
Device=cuda; train=256, val=100, test=100; training-only scale_mv=0.23590789
Skipping verified completed run: resnet seed=17
eval resnet/17 clean/100/clean/all AUROC=0.68145
eval resnet/17 bandpass/20/independent/all AUROC=0.67982
eval resnet/17 bandpass/20/independent_rms/all AUROC=0.67856
eval resnet/17 bandpass/20/electrode/all AUROC=0.67645
eval resnet/17 bandpass/20/covariance/all AUROC=0.66612
eval resnet/17 bandpass/10/independent/all AUROC=0.65848
eval resnet/17 bandpass/10/independent_rms/all AUROC=0.66225
eval resnet/17 bandpass/10/electrode/all AUROC=0.66483
eval resnet/17 bandpass/10/covariance/all AUROC=0.64406
eval resnet/17 bandpass/0/independent/all AUROC=0.58100
eval resnet/17 bandpass/0/independent_rms/all AUROC=0.57794
eval resnet/17 bandpass/0/electrode/all AUROC=0.61576
eval resnet/17 bandpass/0/covariance/all AUROC=0.60704
eval resnet/17 bandpass/10/independent_rms/RA AUROC=0.65615
eval resnet/17 bandpass/10/electrode/RA AUROC=0.63242
eval resnet/17 bandpass/10/covariance/RA AUROC=0.63367
Evaluation complete: 16 conditions/models, 1.1s
Statistics: 16 metric rows, 144 paired effects -> E:\Eproject\ECG\phase1_ecg_robustness\results\tables\smoke
Saved 11 scientific figures; manifest: E:\Eproject\ECG\phase1_ecg_robustness\results\figures\smoke\figure_manifest.json
EXPERIMENT_COMPLETED smoke

STDERR:
